// Jest Snapshot v1, https://goo.gl/fbAQLP

exports[`App component snapshot 1`] = `
<DocumentFragment>
  <div
    class="App"
  >
    <div>
      <form>
        <input
          placeholder="New task"
          type="text"
          value=""
        />
        <button
          type="submit"
        >
          Add Todo
        </button>
      </form>
    </div>
  </div>
</DocumentFragment>
`;
