// Jest Snapshot v1, https://goo.gl/fbAQLP

exports[`Todo component snapshot 1`] = `
<DocumentFragment>
  <div>
    <span>
      Test Todo
    </span>
    <button>
      X
    </button>
  </div>
</DocumentFragment>
`;
