// Jest Snapshot v1, https://goo.gl/fbAQLP

exports[`TodoList component snapshot 1`] = `
<DocumentFragment>
  <div>
    <form>
      <input
        placeholder="New task"
        type="text"
        value=""
      />
      <button
        type="submit"
      >
        Add Todo
      </button>
    </form>
  </div>
</DocumentFragment>
`;
